Uniprot Accession	Classification	Peptide Sequence	Peptide Start	Peptide End	Peptide Secondary Structure Type	Peptide Accessibility Prediction	Disopred Prediction	PSIPRED Prediction	Model URL	Total Models For Sequence	Models Containing Peptide	Dataset	Target Start	Target End	Model Score	Dope Score	TSVMod Native Overlap	TSVMod Method	Template Sequence Identity	Model Coverage	Loop Length	Template PDB ID	Peptide Similarity To Template	Corresponding Sequence in Template	Peptide Structure Values	Peptide Predicted Accessibility Fraction	Disopred Scores	PSIPRED Scores	Alignment File Path	Sequence ID	Model ID	Protein Name	Errors	
Q76N46	negative	DPIDMDED	139	146			DDDDDDDD	LLLLLLAA		3																	0.769,0.765,0.766,0.662,0.621,0.502,0.403,0.247	0.968,0.868,0.822,0.827,0.856,0.919,0.120,0.087		c59d26b9091141aed32c1647f69726d1MPRIKSKF			no_cluster_errors	
Q76N46	negative	AIRDAERV	523	530			DDDDDDDD	AAAAAAAA		3																	0.311,0.303,0.305,0.434,0.349,0.401,0.336,0.333	0.002,0.003,0.003,0.003,0.003,0.002,0.003,0.004		c59d26b9091141aed32c1647f69726d1MPRIKSKF			no_cluster_errors	
Q76N46	negative	DYSDPSYV	457	464			DDDDDDDD	LLLLAAAA		3																	0.322,0.306,0.376,0.367,0.301,0.245,0.322,0.223	0.677,0.759,0.883,0.947,0.062,0.034,0.027,0.005		c59d26b9091141aed32c1647f69726d1MPRIKSKF			no_cluster_errors	
Q76N46	negative	ARPDPIDM	136	143			DDDDDDDD	LLLLLLLL		3																	0.758,0.680,0.562,0.769,0.765,0.766,0.662,0.621	0.974,0.980,0.939,0.968,0.868,0.822,0.827,0.856		c59d26b9091141aed32c1647f69726d1MPRIKSKF			no_cluster_errors	
Q76N46	negative	QDLDGELR	244	251			DDDDDDDD	AAAALLAA		3																	0.503,0.447,0.411,0.593,0.581,0.680,0.749,0.765	0.081,0.127,0.239,0.467,0.932,0.630,0.493,0.412		c59d26b9091141aed32c1647f69726d1MPRIKSKF			no_cluster_errors	
Q76N46	negative	GEIDPNPE	125	132	AAALLLLL	AANAAAAA	DDDDDDDD	LLLLLLLL	http://salilab.org/modbase/search?modelID=22b64268f020379394a96b596664d6a5&displaymode=moddetail	3	1		11	138	1.00	-0.48	0.825423	NO3.5S	27.00	0.16	Loop not counted	1h88			2,2,2,1,1,1,1,1	0.522133938706016,0.832438238453276,0.198895027624309,0.579710144927536,0.715258855585831,0.555891238670695,0.565395095367847,0.934479054779807	0.679,0.730,0.669,0.715,0.628,0.579,0.581,0.657	0.949,0.910,0.916,0.941,0.973,0.946,0.848,0.837	/netapp/sali/peptide/data/landing/alignments/c59/c59d26b9091141aed32c1647f69726d1MPRIKSKF/alignments/2ff5a10dabb324b87fba5e1ffff3a072.ali	c59d26b9091141aed32c1647f69726d1MPRIKSKF	22b64268f020379394a96b596664d6a5		no_cluster_errors	
Q76N46	negative	EGRDRKKD	255	262			DDDDDDDD	AAAALLLL		3																	0.775,0.756,0.854,0.888,0.906,0.916,0.949,0.955	0.460,0.251,0.208,0.266,0.612,0.700,0.687,0.762		c59d26b9091141aed32c1647f69726d1MPRIKSKF			no_cluster_errors	
Q76N46	negative	QISDAELQ	300	307			OOOOOOOO	LLLAAAAA		3																	0.040,0.042,0.068,0.098,0.071,0.088,0.042,0.033	0.881,0.946,0.911,0.101,0.070,0.058,0.009,0.004		c59d26b9091141aed32c1647f69726d1MPRIKSKF			no_cluster_errors	
Q76N46	negative	GFYDTSEE	222	229			OOOOOOOO	LLLLLLLL		3																	0.025,0.062,0.078,0.087,0.068,0.065,0.069,0.063	0.930,0.951,0.938,0.965,0.980,0.889,0.736,0.645		c59d26b9091141aed32c1647f69726d1MPRIKSKF			no_cluster_errors	
Q76N46	negative	RYADLLLE	786	793			OOOOOOOD	AAAAAAAA		3																	0.050,0.037,0.042,0.064,0.043,0.035,0.080,0.122	0.003,0.002,0.002,0.003,0.003,0.003,0.005,0.010		c59d26b9091141aed32c1647f69726d1MPRIKSKF			no_cluster_errors	
Q76N46	negative	RKKDKQHL	259	266			DDDDDDDD	LLLLAAAA		3																	0.906,0.916,0.949,0.955,0.969,0.963,0.963,0.928	0.612,0.700,0.687,0.762,0.225,0.249,0.228,0.401		c59d26b9091141aed32c1647f69726d1MPRIKSKF			no_cluster_errors	
Q76N46	negative	LHYDLLHH	582	589			OOOOOOOO	AAAAAAAL		3																	0.002,0.002,0.002,0.001,0.002,0.004,0.007,0.010	0.009,0.023,0.082,0.099,0.081,0.183,0.350,0.934		c59d26b9091141aed32c1647f69726d1MPRIKSKF			no_cluster_errors	
Q76N46	negative	TTDDPRKL	115	122	AAAAAAAA	ANAANAAA	DDDDDDDD	LLLLLLLL	http://salilab.org/modbase/search?modelID=22b64268f020379394a96b596664d6a5&displaymode=moddetail	3	1		11	138	1.00	-0.48	0.825423	NO3.5S	27.00	0.16	Loop not counted	1h88			2,2,2,2,2,2,2,2	0.544262295081967,0.327868852459016,0.378071833648393,0.579710144927536,0.29291553133515,0.421875,0.713020372010629,0.476437079233558	0.845,0.765,0.800,0.735,0.739,0.702,0.481,0.593	0.774,0.811,0.784,0.810,0.672,0.715,0.722,0.858	/netapp/sali/peptide/data/landing/alignments/c59/c59d26b9091141aed32c1647f69726d1MPRIKSKF/alignments/2ff5a10dabb324b87fba5e1ffff3a072.ali	c59d26b9091141aed32c1647f69726d1MPRIKSKF	22b64268f020379394a96b596664d6a5		no_cluster_errors	
Q76N46	negative	GMADYSDP	454	461			DDDDDDDD	LLLLLLLA		3																	0.211,0.328,0.383,0.322,0.306,0.376,0.367,0.301	0.591,0.697,0.751,0.677,0.759,0.883,0.947,0.062		c59d26b9091141aed32c1647f69726d1MPRIKSKF			no_cluster_errors	
Q76N46	negative	NPEDGMAD	450	457			DDDDDDDD	LLLLLLLL		3																	0.223,0.154,0.213,0.179,0.211,0.328,0.383,0.322	0.913,0.413,0.552,0.502,0.591,0.697,0.751,0.677		c59d26b9091141aed32c1647f69726d1MPRIKSKF			no_cluster_errors	
Q76N46	negative	QALDADFR	232	239			DDDDDDDD	LLLLLLLL		3																	0.065,0.069,0.161,0.241,0.272,0.263,0.296,0.286	0.634,0.822,0.440,0.510,0.416,0.745,0.515,0.836		c59d26b9091141aed32c1647f69726d1MPRIKSKF			no_cluster_errors	
Q76N46	negative	REIDDTYI	504	511			DDDDDDDD	LLLLLLLL		3																	0.517,0.603,0.497,0.371,0.359,0.282,0.198,0.112	0.820,0.800,0.742,0.650,0.582,0.627,0.695,0.525		c59d26b9091141aed32c1647f69726d1MPRIKSKF			no_cluster_errors	
Q76N46	negative	KHEDSAIP	756	763			OOOOODDD	AAAAAAAA		3																	0.019,0.032,0.048,0.109,0.161,0.160,0.308,0.210	0.023,0.070,0.018,0.016,0.039,0.026,0.006,0.005		c59d26b9091141aed32c1647f69726d1MPRIKSKF			no_cluster_errors	
Q76N46	negative	HESDFSGV	387	394			DDDODDDD	LLLLLLLL		3																	0.097,0.090,0.061,0.111,0.145,0.216,0.288,0.185	0.905,0.894,0.904,0.925,0.897,0.861,0.776,0.732		c59d26b9091141aed32c1647f69726d1MPRIKSKF			no_cluster_errors	
Q76N46	negative	LDADFRKL	234	241			DDDDDDDD	LLLLLLAA		3																	0.161,0.241,0.272,0.263,0.296,0.286,0.397,0.374	0.440,0.510,0.416,0.745,0.515,0.836,0.349,0.274		c59d26b9091141aed32c1647f69726d1MPRIKSKF			no_cluster_errors	
Q76N46	negative	EIDDTYIE	505	512			DDDDDDDD	LLLLLLLL		3																	0.603,0.497,0.371,0.359,0.282,0.198,0.112,0.164	0.800,0.742,0.650,0.582,0.627,0.695,0.525,0.787		c59d26b9091141aed32c1647f69726d1MPRIKSKF			no_cluster_errors	
Q76N46	negative	AQRDNEEE	107	114	LLLLLLLA	AAAAAAAA	DDDDDDDD	AALLLLLL	http://salilab.org/modbase/search?modelID=22b64268f020379394a96b596664d6a5&displaymode=moddetail	3	1		11	138	1.00	-0.48	0.825423	NO3.5S	27.00	0.16	Loop not counted	1h88			1,1,1,1,1,1,1,2	0.414902624894158,0.864389233954451,0.890625,0.768746061751733,0.767371601208459,0.746509129967777,0.553168635875403,0.725026852846402	0.133,0.376,0.415,0.566,0.673,0.700,0.779,0.750	0.096,0.340,0.795,0.640,0.835,0.875,0.894,0.833	/netapp/sali/peptide/data/landing/alignments/c59/c59d26b9091141aed32c1647f69726d1MPRIKSKF/alignments/2ff5a10dabb324b87fba5e1ffff3a072.ali	c59d26b9091141aed32c1647f69726d1MPRIKSKF	22b64268f020379394a96b596664d6a5		no_cluster_errors	
Q76N46	negative	RGVDYNAE	205	212			DDDDOOOO	LLLLLLLL		3																	0.252,0.269,0.140,0.096,0.045,0.030,0.019,0.016	0.861,0.860,0.827,0.836,0.645,0.657,0.778,0.827		c59d26b9091141aed32c1647f69726d1MPRIKSKF			no_cluster_errors	
Q76N46	negative	LKEDVQRQ	769	776			DDOODOOO	AAAAAAAA		3																	0.055,0.044,0.094,0.122,0.085,0.118,0.188,0.143	0.004,0.004,0.009,0.013,0.010,0.005,0.005,0.004		c59d26b9091141aed32c1647f69726d1MPRIKSKF			no_cluster_errors	
Q76N46	negative	SKKDRIES	683	690			OOOOOOOO	LAAAAAAA		3																	0.124,0.103,0.091,0.118,0.140,0.125,0.068,0.082	0.872,0.092,0.049,0.032,0.004,0.003,0.004,0.004		c59d26b9091141aed32c1647f69726d1MPRIKSKF			no_cluster_errors	
Q76N46	negative	ADVDARKQ	515	522			DDDDDDDD	AAAAAAAA		3																	0.230,0.238,0.196,0.224,0.311,0.278,0.195,0.364	0.022,0.016,0.005,0.006,0.007,0.005,0.003,0.002		c59d26b9091141aed32c1647f69726d1MPRIKSKF			no_cluster_errors	
Q76N46	negative	DAADVDAR	513	520			DDDDDDDD	LAAAAAAA		3																	0.153,0.163,0.230,0.238,0.196,0.224,0.311,0.278	0.897,0.039,0.022,0.016,0.005,0.006,0.007,0.005		c59d26b9091141aed32c1647f69726d1MPRIKSKF			no_cluster_errors	
Q76N46	negative	QLNDLWDQ	733	740			OOOOOOOO	AAAAAAAA		3																	0.037,0.024,0.013,0.020,0.016,0.017,0.024,0.023	0.005,0.003,0.003,0.002,0.002,0.002,0.002,0.002		c59d26b9091141aed32c1647f69726d1MPRIKSKF			no_cluster_errors	
Q76N46	negative	PLTDLQKS	563	570			DDDDDOOO	LLAAAAAA		3																	0.240,0.209,0.194,0.267,0.168,0.086,0.078,0.089	0.934,0.760,0.492,0.299,0.111,0.064,0.023,0.009		c59d26b9091141aed32c1647f69726d1MPRIKSKF			no_cluster_errors	
Q76N46	negative	KAQDVLVQ	630	637			OOOOOOOO	AAAAAAAA		3																	0.038,0.033,0.055,0.029,0.042,0.028,0.045,0.060	0.011,0.011,0.009,0.010,0.014,0.004,0.006,0.017		c59d26b9091141aed32c1647f69726d1MPRIKSKF			no_cluster_errors	
Q76N46	negative	EWLDPSIK	51	58	ALLLLLLL	AANNAAAA	OOOOOOOO	ALLLLLLL	http://salilab.org/modbase/search?modelID=2954030047681f1030c85b411f3691c1&displaymode=moddetail	3	2		7	64	1.00	-1.14	0.85111	NO3.5S	100.00	0.07	Loop not counted	2dim			2,1,1,1,1,1,1,1	0.601503759398496,0.642132932782576,0.155359917141378,0.151228733459357,0.660762942779291,0.847457627118644,0.392265193370166,0.859167404782994	0.004,0.004,0.003,0.004,0.006,0.005,0.004,0.010	0.226,0.655,0.699,0.936,0.889,0.806,0.806,0.856	/netapp/sali/peptide/data/landing/alignments/c59/c59d26b9091141aed32c1647f69726d1MPRIKSKF/alignments/f2b2d0b35a42c04bac0fb5632b10b46d.ali	c59d26b9091141aed32c1647f69726d1MPRIKSKF	2954030047681f1030c85b411f3691c1		no_cluster_errors	
Q76N46	negative	ETTDDPRK	114	121	AAAAAAAA	AANAANAA	DDDDDDDD	LLLLLLLL	http://salilab.org/modbase/search?modelID=22b64268f020379394a96b596664d6a5&displaymode=moddetail	3	1		11	138	1.00	-0.48	0.825423	NO3.5S	27.00	0.16	Loop not counted	1h88			2,2,2,2,2,2,2,2	0.725026852846402,0.544262295081967,0.327868852459016,0.378071833648393,0.579710144927536,0.29291553133515,0.421875,0.713020372010629	0.750,0.845,0.765,0.800,0.735,0.739,0.702,0.481	0.833,0.774,0.811,0.784,0.810,0.672,0.715,0.722	/netapp/sali/peptide/data/landing/alignments/c59/c59d26b9091141aed32c1647f69726d1MPRIKSKF/alignments/2ff5a10dabb324b87fba5e1ffff3a072.ali	c59d26b9091141aed32c1647f69726d1MPRIKSKF	22b64268f020379394a96b596664d6a5		no_cluster_errors	
Q76N46	negative	PLRDKLNI	442	449			DDDDDDDD	LLLLLLLL		3																	0.225,0.187,0.149,0.160,0.249,0.224,0.168,0.134	0.948,0.863,0.769,0.764,0.606,0.736,0.862,0.912		c59d26b9091141aed32c1647f69726d1MPRIKSKF			no_cluster_errors	
Q76N46	negative	VQKDLPRP	540	547			DOOOOOOO	AALLLLLL		3																	0.065,0.119,0.097,0.085,0.029,0.009,0.010,0.004	0.088,0.216,0.793,0.952,0.979,0.950,0.959,0.946		c59d26b9091141aed32c1647f69726d1MPRIKSKF			no_cluster_errors	
Q76N46	negative	NTEDEILK	12	19	AAAAAAAA	AANNAANA	OOOOOOOO	AAAAAAAA	http://salilab.org/modbase/search?modelID=85e1aed40c484b665661db3527040537&displaymode=moddetail	3	3		8	57	0.99	-2.18	0.935652	NO3.5T	36.00	0.06	Loop not counted	1guu			2,2,2,2,2,2,2,2	0.670694864048338,0.373770491803279,0.139634801288937,0.138626339004411,0.510204081632653,0.359116022099448,0,0.336581045172719	0.016,0.020,0.016,0.011,0.006,0.005,0.007,0.008	0.319,0.082,0.026,0.009,0.003,0.003,0.003,0.003	/netapp/sali/peptide/data/landing/alignments/c59/c59d26b9091141aed32c1647f69726d1MPRIKSKF/alignments/2251ee1e0dd6111e15738e62b226ab18.ali	c59d26b9091141aed32c1647f69726d1MPRIKSKF	85e1aed40c484b665661db3527040537		no_cluster_errors	
Q76N46	negative	ASQDRILQ	356	363			OOOOOOOO	LLAAAAAA		3																	0.064,0.069,0.138,0.070,0.105,0.076,0.029,0.017	0.821,0.666,0.364,0.463,0.037,0.007,0.005,0.003		c59d26b9091141aed32c1647f69726d1MPRIKSKF			no_cluster_errors	
Q76N46	negative	YIEDAADV	510	517			DDDDDDDD	LLLLAAAA		3																	0.198,0.112,0.164,0.153,0.163,0.230,0.238,0.196	0.695,0.525,0.787,0.897,0.039,0.022,0.016,0.005		c59d26b9091141aed32c1647f69726d1MPRIKSKF			no_cluster_errors	
Q76N46	negative	DLWDQIEQ	736	743			OOOOOOOO	AAAAAAAA		3																	0.020,0.016,0.017,0.024,0.023,0.029,0.018,0.024	0.002,0.002,0.002,0.002,0.002,0.003,0.004,0.010		c59d26b9091141aed32c1647f69726d1MPRIKSKF			no_cluster_errors	
Q76N46	negative	FLLDKAAQ	101	108	ALLLLLLL	ANNAAAAA	OODDDDDD	AAAAAAAA	http://salilab.org/modbase/search?modelID=22b64268f020379394a96b596664d6a5&displaymode=moddetail	3	1		11	138	1.00	-0.48	0.825423	NO3.5S	27.00	0.16	Loop not counted	1h88			2,1,1,1,1,1,1,1	0.731597845601436,0.32107716209218,0.0880372863801139,0.359168241965974,0.859167404782994,0.60965283657917,0.414902624894158,0.864389233954451	0.006,0.015,0.017,0.033,0.066,0.102,0.133,0.376	0.018,0.028,0.018,0.017,0.010,0.030,0.096,0.340	/netapp/sali/peptide/data/landing/alignments/c59/c59d26b9091141aed32c1647f69726d1MPRIKSKF/alignments/2ff5a10dabb324b87fba5e1ffff3a072.ali	c59d26b9091141aed32c1647f69726d1MPRIKSKF	22b64268f020379394a96b596664d6a5		no_cluster_errors	
Q76N46	negative	TNVDTPLK	372	379			DDDDDDDD	ALLLLLLL		3																	0.125,0.207,0.304,0.195,0.155,0.286,0.258,0.194	0.252,0.708,0.917,0.968,0.935,0.830,0.784,0.781		c59d26b9091141aed32c1647f69726d1MPRIKSKF			no_cluster_errors	
Q76N46	negative	KESDLPSA	270	277			DDDDDDDD	AAALLAAA		3																	0.858,0.854,0.771,0.740,0.731,0.656,0.511,0.651	0.261,0.252,0.364,0.728,0.493,0.036,0.037,0.038		c59d26b9091141aed32c1647f69726d1MPRIKSKF			no_cluster_errors	
Q76N46	negative	PKNDFEIV	485	492			OOOOOOOO	LLLLBBBB		3																	0.030,0.013,0.011,0.036,0.015,0.010,0.016,0.012	0.969,0.918,0.907,0.587,0.308,0.086,0.048,0.198		c59d26b9091141aed32c1647f69726d1MPRIKSKF			no_cluster_errors	
Q76N46	negative	RQQDLDGE	242	249			DDDDDDDD	AAAAAALL		3																	0.398,0.491,0.503,0.447,0.411,0.593,0.581,0.680	0.191,0.098,0.081,0.127,0.239,0.467,0.932,0.630		c59d26b9091141aed32c1647f69726d1MPRIKSKF			no_cluster_errors	
P04004	positive	TRGDVFTM	62	69	LLLLLLLL	NAAAAAAA	DDDDDDDD	LLLLLLLL	http://salilab.org/modbase/search?modelID=c86bf7c865fad83b13cdc7fcaebe48b2&displaymode=moddetail	6	1		20	70	1.00	0.07	0.530849	NO3.5S	100.00	0.10	Loop not counted	1s4g			1,1,1,1,1,1,1,1	0.170491803278689,0.484375,0.454029511918275,0.434782608695652,0.437689969604863,0.354578096947935,0.668852459016393,0.948869223205506	0.452,0.289,0.237,0.278,0.308,0.343,0.234,0.181	0.911,0.881,0.820,0.808,0.693,0.836,0.791,0.888	/netapp/sali/peptide/data/landing/alignments/743/7434ea9a039922713269892111f186b8MAPLPGHL/alignments/4f6926ac7b9eb3bb5186d94e189fd01f.ali	7434ea9a039922713269892111f186b8MAPLPGHL	c86bf7c865fad83b13cdc7fcaebe48b2	Vitronectin; Serum-spreading factor; S-protein; V75; Flags: Precursor;	no_cluster_errors	
P22087	positive	VGPDGLVY	180	187	ALLLLBBB	NNAANNNN	OOOOOOOO	ALLLLBBB	http://salilab.org/modbase/search?modelID=542714c7e85a895ef3dc176eff380c9a&displaymode=moddetail	3	3		104	315	1.00	-1.34	0.981246	NO3.5S	97.00	0.66	Loop not counted	2ipx			2,1,1,1,1,3,3,3	0,0.0908059023836549,0.803814713896458,0.623818525519849,0,0.27964785085448,0,0.0380067567567568	0.004,0.003,0.004,0.001,0.003,0.002,0.002,0.001	0.271,0.819,0.925,0.927,0.798,0.115,0.016,0.022	/netapp/sali/peptide/data/landing/alignments/830/830456f99af28367d5174745784532fdMKPGKVKN/alignments/84e34a3de035d492e71eedce09c98306.ali	830456f99af28367d5174745784532fdMKPGKVKN	542714c7e85a895ef3dc176eff380c9a	rRNA 2'-O-methyltransferase fibrillarin; 34 kDa nucleolar scleroderma antigen;	no_cluster_errors	
