TP_count	FP_count	Score
1	1	0.80991595
2	2	0.78303712
3	16	0.35700385
3	39	0.094346241
5	127	-0.43922174
0.202453987730061	0.8	-0.15185439	326
