TP_count	FP_count	Score
1	4	0.87348375
2	7	0.48741617
3	10	0.42093706
4	16	0.30699665
5	32	0.053990877
0.098159509202454	1	0.053990877	326
