TP_count	FP_count	Score
1	2	0.88061676
2	6	0.71053022
3	14	0.41145409
4	20	0.29466593
5	201	-0.68534396
0.202453987730061	0.8	-0.083075663	326
