1	0	2.1438487
2	1	1.430272
3	19	0.56512338
4	38	0.37400536
5	140	-0.19553297
0.2	0.8	0.17142882	324
