TP_count	FP_count	Score
1	0	1.3536948
2	0	1.250778
3	19	0.3718465
4	24	0.27096307
5	107	-0.37031813
0.202453987730061	0.8	-0.16509286	326
