Warning: no access to tty (Bad file descriptor).
Thus no job control in this shell.
Sun Sep 19 00:19:39 PDT 2010
iq124
/scratch/peptide/seq_batch_1
Warning: no access to tty (Bad file descriptor).
Thus no job control in this shell.
Sun Sep 19 00:20:39 PDT 2010
d file descriptor).
Thus no job control in this shell.
Sun Sep 19 00:20:39 PDT 2010
d file descriptor).
Thus no job control in this shell.
Sun Sep 19 00:20:39 PDT 2010
d file descriptor).
Thus no job control in this shell.
Sun Sep 19 00:20:39 PDT 2010
d file descriptor).
Thus no job control in this shell.
Sun Sep 19 00:20:39 PDT 2010
d file descriptor).
Thus no job control in this shell.
Sun Sep 19 00:20:39 PDT 2010
opt175
/scratch/peptide/svm_iteration_10/scratch/peptide/svm_iteration_6
opt98
/scratch/peptide/svm_iteration_4
opt178
/scratch/peptide/svm_iteration_3
opt186
/scratch/peptide/svm_iteration_5
opt143
/scratch/peptide/svm_iteration_7
opt95
/scratch/peptide/svm_iteration_9
opt121
/scratch/peptide/svm_iteration_1
svm iteration 1
CreationPipeline
