FPR	TPR
0.0	0.0
0.00398773006135	0.2	1.053640498	0.00589044919315
0.0193251533742	0.4	0.65158319	0.016721107825
0.0423312883436	0.6	0.443327153	0.0204483000398
0.10490797546	0.8	0.2008084142	0.0934419220082
0.376380368098	1.0	-0.3430951674	0.203857608759
1.0	1.0


