TP_count	FP_count	Score
1	1	0.89901205
2	4	0.58242244
3	15	0.40393911
4	20	0.28774295
5	33	0.1493382
0.101226993865031	1	0.1493382	326
